<html>
<body>
<pre>
<h1>礦ision Build Log</h1>
<h2>Project:</h2>
D:\Desktop\CUP2016机器人校内赛\程序\校内赛场地自动门\Project\Demo.uvproj
Project File Date:  12/18/2016

<h2>Output:</h2>
Build target 'Automatic Door'
compiling pwm.c...
linking...
Program Size: Code=9068 RO-data=424 RW-data=52 ZI-data=1028  
".\Obj\Demo.axf" - 0 Error(s), 0 Warning(s).
Load "D:\\Desktop\\CUP2016机器人校内赛\\程序\\校内赛场地自动门\\Project\\Obj\\Demo.axf" 
Erase Done.
Programming Done.
Verify OK.
Application running ...
</pre>
</body>
</html>
诵Ｄ谌黒\程序\\校内赛场地自动门\\Project\\Obj\\Demo.axf" 
Error: Flash Download failed  -  Target DLL has been cancelled
Load "D:\\Desktop\\CUP2016机器人校内赛\\程序\\校内赛场地自动门\\Project\\Obj\\Demo.axf" 
Erase Done.
Programming Done.
Verify OK.
Application running ...
